=== Contract Tests ===

running 6 tests
test test::test_seller_refund ... ok
test test::test_cannot_release_before_funding ... ok
test test::test_timeout_refund_after_deadline ... ok
test test::test_full_happy_path_release ... ok
test test::test_cannot_double_fund ... ok
test test::test_dispute_resolution_favors_seller ... ok
test result: ok. 6 passed; 0 failed; 0 ignored

running 4 tests
test test::test_admin_can_update_wasm_hash ... ok
test test::test_create_escrow_deploys_and_registers ... ok
test test::test_multiple_escrows_get_unique_addresses ... ok
test test::test_cross_contract_status_updates_after_funding ... ok
test result: ok. 4 passed; 0 failed; 0 ignored

=== Frontend Tests ===

✓ src/App.test.jsx (3 tests)
  ✓ shows wallet loading spinner
  ✓ shows connectivity error
  ✓ renders main UI after wallet connects

Test Files: 1 passed (1)
Tests:      3 passed (3)

=== Total: 13 tests passed ===
